2026-08-19T04:36:20Z INF Thank you for trying Cloudflare Tunnel. Doing so, without a Cloudflare account, is a quick way to experiment and try it out. However, be aware that these account-less Tunnels have no uptime guarantee, are subject to the Cloudflare Online Services Terms of Use (https://www.cloudflare.com/website-terms/), and Cloudflare reserves the right to investigate your use of Tunnels for violations of such terms. If you intend to use Tunnels in production you should use a pre-created named tunnel by following: https://developers.cloudflare.com/cloudflare-one/connections/connect-apps
2026-08-19T04:36:20Z INF Requesting new quick Tunnel on trycloudflare.com...
2026-08-19T04:36:26Z INF +--------------------------------------------------------------------------------------------+
2026-08-19T04:36:26Z INF |  Your quick Tunnel has been created! Visit it at (it may take some time to be reachable):  |
2026-08-19T04:36:26Z INF |  https://personal-str-demonstrate-playing.trycloudflare.com                                |
2026-08-19T04:36:26Z INF +--------------------------------------------------------------------------------------------+
2026-08-19T04:36:26Z INF Cannot determine default configuration path. No file [config.yml config.yaml] in [~/.cloudflared ~/.cloudflare-warp ~/cloudflare-warp /etc/cloudflared /usr/local/etc/cloudflared]
2026-08-19T04:36:26Z INF Version 2026.7.3 (Checksum 9d71c677db00134c1bd4144b7783486b654ad281b1ea62b4972098d19f770f17)
2026-08-19T04:36:26Z INF GOOS: linux, GOVersion: go1.26.4, GoArch: amd64
2026-08-19T04:36:26Z INF Settings: map[ha-connections:1 protocol:quic url:http://localhost:8000]
2026-08-19T04:36:26Z INF cloudflared will not automatically update if installed by a package manager.
2026-08-19T04:36:26Z INF Generated Connector ID: fa5990b3-1153-4bed-a2f7-30e9816422c3
2026-08-19T04:36:26Z INF Initial protocol quic
2026-08-19T04:36:26Z INF ICMP proxy will use 172.23.18.163 as source for IPv4
2026-08-19T04:36:26Z INF ICMP proxy will use fe80::215:5dff:fe26:a6d4 in zone eth0 as source for IPv6
2026-08-19T04:36:26Z INF ICMP proxy will use 172.23.18.163 as source for IPv4
2026-08-19T04:36:26Z INF ICMP proxy will use fe80::215:5dff:fe26:a6d4 in zone eth0 as source for IPv6
2026-08-19T04:36:26Z INF Starting metrics server on 127.0.0.1:33461/metrics
2026-08-19T04:36:27Z INF Tunnel connection curve preferences: [X25519MLKEM768 CurveID(65074) CurveP256] connIndex=0 event=0 ip=198.41.192.57
2026-08-19T04:36:28Z INF Registered tunnel connection connIndex=0 connection=05ad2f11-378f-4ad4-9cf6-7a231521b183 event=0 ip=198.41.192.57 location=fra10 protocol=quic
2026-08-19T04:36:33Z INF +-------------------------------------------------------------------------------------+
2026-08-19T04:36:33Z INF |                               CONNECTIVITY PRE-CHECKS                               |
2026-08-19T04:36:33Z INF +-------------------------------------------------------------------------------------+
2026-08-19T04:36:33Z INF |  COMPONENT         TARGET                     STATUS  DETAILS                       |
2026-08-19T04:36:33Z INF |  DNS Resolution    region1.v2.argotunnel.com  PASS    DNS Resolved successfully     |
2026-08-19T04:36:33Z INF |  DNS Resolution    region2.v2.argotunnel.com  PASS    DNS Resolved successfully     |
2026-08-19T04:36:33Z INF |  UDP Connectivity  region1.v2.argotunnel.com  PASS    QUIC connection successful    |
2026-08-19T04:36:33Z INF |  UDP Connectivity  region2.v2.argotunnel.com  PASS    QUIC connection successful    |
2026-08-19T04:36:33Z INF |  TCP Connectivity  region1.v2.argotunnel.com  PASS    HTTP/2 connection successful  |
2026-08-19T04:36:33Z INF |  TCP Connectivity  region2.v2.argotunnel.com  PASS    HTTP/2 connection successful  |
2026-08-19T04:36:33Z INF |  Cloudflare API    api.cloudflare.com:443     PASS    API is reachable              |
2026-08-19T04:36:33Z INF |                                                                                     |
2026-08-19T04:36:33Z INF |  SUMMARY: Environment is healthy. cloudflared will use 'quic' as primary protocol.  |
2026-08-19T04:36:33Z INF +-------------------------------------------------------------------------------------+
2026-08-19T04:36:33Z INF precheck component="DNS Resolution" details="DNS Resolved successfully" run_id=00bad538-d230-42aa-b690-d67642b6e2a4 status=pass target=region1.v2.argotunnel.com
2026-08-19T04:36:33Z INF precheck component="DNS Resolution" details="DNS Resolved successfully" run_id=00bad538-d230-42aa-b690-d67642b6e2a4 status=pass target=region2.v2.argotunnel.com
2026-08-19T04:36:33Z INF precheck component="UDP Connectivity" details="QUIC connection successful" run_id=00bad538-d230-42aa-b690-d67642b6e2a4 status=pass target=region1.v2.argotunnel.com
2026-08-19T04:36:33Z INF precheck component="UDP Connectivity" details="QUIC connection successful" run_id=00bad538-d230-42aa-b690-d67642b6e2a4 status=pass target=region2.v2.argotunnel.com
2026-08-19T04:36:33Z INF precheck component="TCP Connectivity" details="HTTP/2 connection successful" run_id=00bad538-d230-42aa-b690-d67642b6e2a4 status=pass target=region1.v2.argotunnel.com
2026-08-19T04:36:33Z INF precheck component="TCP Connectivity" details="HTTP/2 connection successful" run_id=00bad538-d230-42aa-b690-d67642b6e2a4 status=pass target=region2.v2.argotunnel.com
2026-08-19T04:36:33Z INF precheck component="Cloudflare API" details="API is reachable" run_id=00bad538-d230-42aa-b690-d67642b6e2a4 status=pass target=api.cloudflare.com:443
2026-08-19T04:36:33Z INF precheck complete hard_fail=false run_id=00bad538-d230-42aa-b690-d67642b6e2a4 suggested_protocol=quic
2026-08-19T04:45:06Z INF Initiating graceful shutdown due to signal terminated ...
2026-08-19T04:45:06Z ERR failed to run the datagram handler error="context canceled" connIndex=0 event=0 ip=198.41.192.57
2026-08-19T04:45:06Z ERR failed to serve tunnel connection error="accept stream listener encountered a failure while serving" connIndex=0 event=0 ip=198.41.192.57
2026-08-19T04:45:06Z ERR Serve tunnel error error="accept stream listener encountered a failure while serving" connIndex=0 event=0 ip=198.41.192.57
2026-08-19T04:45:06Z INF Retrying connection in up to 1s connIndex=0 event=0 ip=198.41.192.57
2026-08-19T04:45:06Z ERR Connection terminated connIndex=0
2026-08-19T04:45:06Z ERR no more connections active and exiting
2026-08-19T04:45:06Z INF Tunnel server stopped
2026-08-19T04:45:06Z INF Metrics server stopped
